// Jest Snapshot v1, https://goo.gl/fbAQLP

exports[`ProductItem match snapshot 1`] = `
<DocumentFragment>
  .c0 {
  border: 1px solid #d7dff0;
  box-shadow: 0px 2px 2px rgba(0,0,0,0.04);
  border-radius: 4px;
  padding: 6px 12px;
  background: #fbfcff;
  display: -webkit-box;
  display: -webkit-flex;
  display: -ms-flexbox;
  display: flex;
  margin-bottom: 8px;
}

.c1 {
  width: 100px;
  height: 100px;
}

.c2 {
  display: -webkit-box;
  display: -webkit-flex;
  display: -ms-flexbox;
  display: flex;
}

.c3 {
  padding: 10px 30px;
}

.c3 p {
  font-size: 20px;
  font-weight: 500;
  margin-top: 8px;
}

.c3 span {
  color: #7c7e83;
}

.c3 button {
  margin: 25px;
  width: 120px;
  height: 30px;
}

<div
    class="c0"
  >
    <img
      class="c1"
      src=""
    />
    <div
      class="c2"
    >
      <div
        class="c3"
      >
        <span>
          Cod: 
        </span>
        <p>
          <strong />
        </p>
      </div>
      <div
        class="c3"
      >
        <span>
          Price:
        </span>
        <p>
          <strong>
            0
          </strong>
        </p>
      </div>
      <div
        class="c3"
      >
        <span>
          Stock:
        </span>
        <p>
          <strong>
            0
          </strong>
        </p>
      </div>
      <div
        class="c3"
      >
        <button>
          Add to Cart
        </button>
      </div>
    </div>
  </div>
</DocumentFragment>
`;
